[0;7m ◉ [0;1;7mBE-RCA [0;2m [0m44.1 kHz[0;2m │ preamp [0m-4.8[0;2m dB │ [0m◆ [0;1mfavourite*[0;2m │ [0m● voice +3.0[0;2m │ bass [0m+1[0;2m treble [0m-0.5                  [0;2m peak [0m-6.0[0;2m dB [0m
 [0;1;7m Meter [0m  [0;4mI[0;2mnstruments [0m  [0;4mE[0;2mvents [0m                                                                             [0;1mg[0;2m go[0m  [0;1m;[0;2m cmd[0m
[0;2m╭─[0;1m meter [0;2m─────────────────────────────────────────────────────────────────── dBFS · gain dB ╮╭─[0;1m output [0;2m────────────────╮[0m
[0;2m│  0[0m [0;2m┤[0m                                                                                 [0;2m├+12[0m [0;2m││[0m [0;2mpeak [0m███████████[0;2m·[0;1m▏[0m  -6.0[0;2m│[0m
[0;2m│[0m               ▔▔▔▔▔                                                                       [0;2m││[0m [0;2mlimit ●[0m [0;2midle[0m            [0;2m│[0m
[0;2m│[0m       ▔▔▔▔▔                                                                               [0;2m│╰─────────────────────────╯[0m
[0;2m│ -6[0m [0;2m┤[0m  [0;2m░░░░░[0m   ▂▂▂▂▂   ▔▔▔▔▔                                                               [0;2m│╭─[0;1m dynamics [0;2m──────────────╮[0m
[0;2m│[0m       ▃▃▃▃▃   [0;7m     [0m   [0;2m░░░░░[0m                                                               [0;2m││[0m [0;2mcomp[0m  [0;1mnight[0m             [0;2m│[0m
[0;2m│[0m       [0;7m     [0m   [0;7m     [0m   ▃▃▃▃▃   ▔▔▔▔▔                                                       [0;2m││[0m [0;2mGR[0m    [0;2m··········[0m██  -2.1[0;2m│[0m
[0;2m│-12[0m [0;2m┤[0m  [0;7m     [0m   [0;7m     [0m   [0;7m     [0m                   ▔▔▔▔▔                                       [0;2m││[0m [0;2mcolour[0m [0;1mtape[0m █▊[0;2m····[0m   0.3[0;2m│[0m
[0;2m│[0m       [0;7m     [0m   [0;7m     [0m   [0;7m     [0m   ▃▃▃▃▃   ▔▔▔▔▔   [0;2m░░░░░[0m                                       [0;2m│╰─────────────────────────╯[0m
[0;2m│[0m       [0;1;7m⢀⠜⠉⠢⡀[0m  [0;1m⢀[0;1;7m⠔⠉⠉⠢⡀[0m  [0;1m⢀[0;1;7m⠤⠒⠢⡀[0;7m [0m   [0;7m     [0m           ▂▂▂▂▂                                  [0;2m├+6[0m  [0;2m│╭─[0;1m tone [0;2m──────────────────╮[0m
[0;2m│[0m       [0;1;7m⡜[0;7m   [0;1;7m⠈[0;1m⠑⠒⠁[0;7m    [0;1;7m⠈[0;1m⠑⠒⠁[0;7m   [0;1;7m⠘⢄[0m   [0;7m     [0m   ▂▂▂▂▂   [0;7m     [0m   ▔▔▔▔▔                               [0;2m││[0m [0;2mbass[0m   [0;2m┄┄┄┄┄[0m┼●[0;2m┄┄┄[0m   +1.0[0;2m│[0m
[0;2m│[0m      [0;1m⠜[0;7m     [0m   [0;7m     [0m   [0;7m    [0;1;7m⠈[0;1m⠢⡀[0m [0;7m     [0m   [0;7m     [0m   [0;7m     [0m                                       [0;2m││[0m [0;2mtreble[0m [0;2m┄┄┄┄┄[0m●[0;2m┄┄┄┄[0m   -0.5[0;2m│[0m
[0;2m│[0m       [0;7m     [0m   [0;7m     [0m   [0;7m     [0m [0;1m⠈⠉[0;1;7m⠑⠒⢄[0;7m  [0m   [0;7m     [0m   [0;7m     [0m   ▆▆▆▆▆   ▔▔▔▔▔   [0;1m⢀⠔⠢⡀[0m                [0;2m││[0m [0;2mtilt[0m   [0;2m┄┄┄┄┄[0m┼[0;2m┄┄┄┄[0m  [0;2m  0.0│[0m
[0;2m│-24[0m [0;2m┤[0m  [0;7m     [0m   [0;7m     [0m   [0;7m     [0m   [0;7m   [0;1;7m⠑⢄[0m   [0;7m     [0m   [0;7m     [0m   [0;7m     [0m          [0;1m⢠⠊[0m▔▔[0;1m⠘⢄[0m    [0;1m⡰⢢[0m         [0;2m│╰─────────────────────────╯[0m
[0;2m│[0m       [0;7m     [0m   [0;7m     [0m   [0;7m     [0m   [0;7m    [0;1;7m⠈[0;1m⠢⡀[0m [0;7m     [0m   [0;7m     [0m   [0;7m     [0m   ▅▅▅▅▅[0;1m⢀⠔⠁[0m    [0;1m⠈⠢⣀⣀⠔⠁⠈⡆[0m        [0;2m│╭─[0;1m knobs [0;2m─────────────────╮[0m
[0;2m│[0m       [0;7m     [0m   [0;7m     [0m   [0;7m     [0m   [0;7m     [0m [0;1m⠈⠢[0;1;7m⣀[0;7m    [0m   [0;7m     [0m   [0;7m     [0m   [0;7m  [0;1;7m⣀⡠⠔[0;1m⠁[0m             [0;1m⠱⡀[0m       [0;2m││[0m ● kick    [0;2m┄┄┄[0m┼[0;2m┄┄┄[0m  [0;2m  0.0│[0m
[0;2m│[0m      [0;2m┈[0;7m     [0;2m┈┈┈[0;7m     [0;2m┈┈┈[0;7m     [0;2m┈┈┈[0;7m     [0;2m┈┈┈[0;7m [0;1;7m⠑⠤⡀[0;7m [0;2m┈┈┈[0;7m     [0;2m┈┈┈[0;7m  [0;1;7m⢀⣀⠤[0;1m⠤⠒⠒[0;1;7m⠊⠉[0;7m   [0;2m┈┈┈[0;7m     [0;2m┈┈┈┈┈┈┈[0;1m⠑⠒⠒[0;2m├[0;1m 0[0m  [0;2m││[0m ● bass    [0;2m┄┄┄[0m┼[0;2m┄┄┄[0m  [0;2m  0.0│[0m
[0;2m│[0m       [0;7m     [0m   [0;7m     [0m   [0;7m     [0m   [0;7m     [0m   [0;7m   [0;1;7m⠈⠒[0;1m⢄[0m  [0;7m     [0m [0;1m⢀⡠[0;1;7m⠒⠉⠁[0;7m  [0m   [0;7m     [0m   [0;7m     [0m   ▔▔▔▔▔       [0;2m││[0m ● snare   [0;2m┄┄┄[0m┼[0;2m┄┄┄[0m  [0;2m  0.0│[0m
[0;2m│[0m       [0;7m     [0m   [0;7m     [0m   [0;7m     [0m   [0;7m     [0m   [0;7m     [0m [0;1m⠣⡀[0;7m     [0;1m⡰⠁[0m [0;7m     [0m   [0;7m     [0m   [0;7m     [0m               [0;2m││[0m ● guitar  [0;2m┄┄┄[0m┼[0;2m┄┄┄[0m  [0;2m  0.0│[0m
[0;2m│-36[0m [0;2m┤[0m  [0;7m     [0m   [0;7m     [0m   [0;7m     [0m   [0;7m     [0m   [0;7m     [0m  [0;1m⠘[0;1;7m⢄[0;7m  [0;1;7m⡠⠊[0m   [0;7m     [0m   [0;7m     [0m   [0;7m     [0m               [0;2m││[0m ● piano   [0;2m┄┄┄[0m┼[0;2m┄┄┄[0m  [0;2m  0.0│[0m
[0;2m│[0m       [0;7m     [0m   [0;7m     [0m   [0;7m     [0m   [0;7m     [0m   [0;7m     [0m   [0;7m [0;1;7m⠑⠊[0;7m  [0m   [0;7m     [0m   [0;7m     [0m   [0;7m     [0m   █████       [0;2m││[0m ● [0;1mvoice[0m   [0;2m┄┄┄[0m┼●[0;2m┄┄[0m   +3.0[0;2m│[0m
[0;2m│[0m       [0;7m     [0m   [0;7m     [0m   [0;7m     [0m   [0;7m     [0m   [0;7m     [0m   [0;7m     [0m   [0;7m     [0m   [0;7m     [0m   [0;7m     [0m   [0;7m     [0m       [0;2m││[0m ● cymbals [0;2m┄┄┄[0m┼[0;2m┄┄┄[0m  [0;2m  0.0│[0m
[0;2m│[0m       [0;7m     [0m   [0;7m     [0m   [0;7m     [0m   [0;7m     [0m   [0;7m     [0m   [0;7m     [0m   [0;7m     [0m   [0;7m     [0m   [0;7m     [0m   [0;7m     [0m       [0;2m││[0m ● air     [0;2m┄┄┄[0m┼[0;2m┄┄┄[0m  [0;2m  0.0│[0m
[0;2m│[0m       [0;7m     [0m   [0;7m     [0m   [0;7m     [0m   [0;7m     [0m   [0;7m     [0m   [0;7m     [0m   [0;7m     [0m   [0;7m     [0m   [0;7m     [0m   [0;7m     [0m       [0;2m│╰─────────────────────────╯[0m
[0;2m│[0m       [0;7m     [0m   [0;7m     [0m   [0;7m     [0m   [0;7m     [0m   [0;7m     [0m   [0;7m     [0m   [0;7m     [0m   [0;7m     [0m   [0;7m     [0m   [0;7m     [0m  [0;2m├-6[0m  [0;2m│[0m
[0;2m│-48[0m [0;2m┤[0m  [0;7m     [0m   [0;7m     [0m   [0;7m     [0m   [0;7m     [0m   [0;7m     [0m   [0;7m     [0m   [0;7m     [0m   [0;7m     [0m   [0;7m     [0m   [0;7m     [0m       [0;2m│[0m
[0;2m│[0m       [0;7m     [0m   [0;7m     [0m   [0;7m     [0m   [0;7m     [0m   [0;7m     [0m   [0;7m     [0m   [0;7m     [0m   [0;7m     [0m   [0;7m     [0m   [0;7m     [0m       [0;2m│[0m
[0;2m│[0m       [0;7m     [0m   [0;7m     [0m   [0;7m     [0m   [0;7m     [0m   [0;7m     [0m   [0;7m     [0m   [0;7m     [0m   [0;7m     [0m   [0;7m     [0m   [0;7m     [0m       [0;2m│[0m
[0;2m│[0m       [0;7m     [0m   [0;7m     [0m   [0;7m     [0m   [0;7m     [0m   [0;7m     [0m   [0;7m     [0m   [0;7m     [0m   [0;7m     [0m   [0;7m     [0m   [0;7m     [0m       [0;2m│[0m
[0;2m│[0m       [0;7m     [0m   [0;7m     [0m   [0;7m     [0m   [0;7m     [0m   [0;7m     [0m   [0;7m     [0m   [0;7m     [0m   [0;7m     [0m   [0;7m     [0m   [0;7m     [0m       [0;2m│[0m
[0;2m│[0m       [0;7m     [0m   [0;7m     [0m   [0;7m     [0m   [0;7m     [0m   [0;7m     [0m   [0;7m     [0m   [0;7m     [0m   [0;7m     [0m   [0;7m     [0m   [0;7m     [0m       [0;2m│[0m
[0;2m│-60[0m [0;2m┤[0m  [0;7m     [0m   [0;7m     [0m   [0;7m     [0m   [0;7m     [0m   [0;7m     [0m   [0;7m     [0m   [0;7m     [0m   [0;7m     [0m   [0;7m     [0m   [0;7m     [0m  [0;2m├-12[0m [0;2m│[0m
[0;2m╰───────────────────────────────────────────────────────────────────────────────────────────╯[0m
         -9      -8      -11     -15     -19     -17     -22     -26     -29     -37
        32Hz    64Hz    125Hz   250Hz   500Hz   1kHz    2kHz    4kHz    8kHz    16kHz
        +4.8    +4.0    +4.2    +2.3    [0;2m 0.0 [0m   -3.1    [0;2m 0.0 [0m   [0;2m 0.0 [0m   +3.1    +2.4

[0;1m 1…0 [0;2m band  [0;1m ⇧ [0;2m down  [0;1m z [0;2m zones off  [0;1m i [0;2m instruments  [0;1m [ ] [0;2m focus  [0;1m +− [0;2m preamp  [0;1m p [0;2m preset  [0;1m u [0;2m undo  [0;1m ? [0;2m keys  [0;1m q [0;2m quit[0m
