                      [1mBE-RCA[0m · 44.1 kHz · preamp [35m-4.8[0m dB · [36mfavourite[0m* · voice [32m+3.0[0m · peak -6.0 dB
                    [1;4;7mMeter[0m  [36mT[0;2mune[0m  [36mI[0;2mnstruments[0m  [36mF[0;2milters[0m  [36mP[0;2mresets[0m  [36mD[0;2mevices[0m  [36mA[0;2mpps[0m  [36mS[0;2mystem[0m  [36mE[0;2mvents[0m  [36mH[0;2mistory[0m


                                 [2m░░░[0m
                         [2m░░░[0m     [32m▄▄▄[0m
                         [32m▆▆▆[0m     [32m███[0m     [2m░░░[0m
                         [32m███[0m     [32m███[0m     [32m▆▆▆[0m
                         [32m███[0m     [32m███[0m     [32m███[0m     [2m░░░[0m
                         [32m███[0m     [32m███[0m     [32m███[0m     [32m▇▇▇[0m             [2m░░░[0m
                         [32m▬▬▬[0m     [32m███[0m     [32m███[0m     [32m███[0m             [35m▇▇▇[0m
                         [32m███[0m     [32m▬▬▬[0m     [32m▬▬▬[0m     [32m███[0m     [2m▇▇▇[0m     [35m███[0m
                         [32m███[0m     [32m███[0m     [32m███[0m     [32m███[0m     [2m███[0m     [35m███[0m     [2m▃▃▃[0m             [32m▬▬▬[0m
                         [32m███[0m     [32m███[0m     [32m███[0m     [32m▬▬▬[0m     [2m███[0m     [35m███[0m     [2m███[0m                     [32m▬▬▬[0m
                         [32m███[0m     [32m███[0m     [32m███[0m     [32m███[0m     [2m███[0m     [35m███[0m     [2m███[0m     [2m▄▄▄[0m
                         [32m███[0m     [32m███[0m     [32m███[0m     [32m███[0m     [2m███[0m     [35m███[0m     [2m███[0m     [2m███[0m
                         [32m███[0m     [32m███[0m     [32m███[0m     [32m███[0m     [2m▬▬▬[0m     [35m███[0m     [2m▬▬▬[0m     [2m▬▬▬[0m     [32m███[0m
                         [32m███[0m     [32m███[0m     [32m███[0m     [32m███[0m     [2m███[0m     [35m███[0m     [2m███[0m     [2m███[0m     [32m███[0m
                         [32m███[0m     [32m███[0m     [32m███[0m     [32m███[0m     [2m███[0m     [35m███[0m     [2m███[0m     [2m███[0m     [32m███[0m
                         [32m███[0m     [32m███[0m     [32m███[0m     [32m███[0m     [2m███[0m     [35m███[0m     [2m███[0m     [2m███[0m     [32m███[0m
                         [32m███[0m     [32m███[0m     [32m███[0m     [32m███[0m     [2m███[0m     [35m▬▬▬[0m     [2m███[0m     [2m███[0m     [32m███[0m     [32m███[0m
                         [32m███[0m     [32m███[0m     [32m███[0m     [32m███[0m     [2m███[0m     [35m███[0m     [2m███[0m     [2m███[0m     [32m███[0m     [32m███[0m
                         [32m███[0m     [32m███[0m     [32m███[0m     [32m███[0m     [2m███[0m     [35m███[0m     [2m███[0m     [2m███[0m     [32m███[0m     [32m███[0m
                         [32m███[0m     [32m███[0m     [32m███[0m     [32m███[0m     [2m███[0m     [35m███[0m     [2m███[0m     [2m███[0m     [32m███[0m     [32m███[0m
                         [32m███[0m     [32m███[0m     [32m███[0m     [32m███[0m     [2m███[0m     [35m███[0m     [2m███[0m     [2m███[0m     [32m███[0m     [32m███[0m
                         [32m███[0m     [32m███[0m     [32m███[0m     [32m███[0m     [2m███[0m     [35m███[0m     [2m███[0m     [2m███[0m     [32m███[0m     [32m███[0m
                         [32m███[0m     [32m███[0m     [32m███[0m     [32m███[0m     [2m███[0m     [35m███[0m     [2m███[0m     [2m███[0m     [32m███[0m     [32m███[0m
                         [32m███[0m     [32m███[0m     [32m███[0m     [32m███[0m     [2m███[0m     [35m███[0m     [2m███[0m     [2m███[0m     [32m███[0m     [32m███[0m
                         [32m███[0m     [32m███[0m     [32m███[0m     [32m███[0m     [2m███[0m     [35m███[0m     [2m███[0m     [2m███[0m     [32m███[0m     [32m███[0m
                         [32m███[0m     [32m███[0m     [32m███[0m     [32m███[0m     [2m███[0m     [35m███[0m     [2m███[0m     [2m███[0m     [32m███[0m     [32m███[0m
                         [32m███[0m     [32m███[0m     [32m███[0m     [32m███[0m     [2m███[0m     [35m███[0m     [2m███[0m     [2m███[0m     [32m███[0m     [32m███[0m
                          [2m-9[0m      [2m-7[0m     [2m-11[0m     [2m-15[0m     [2m-19[0m     [2m-17[0m     [2m-22[0m     [2m-26[0m     [2m-29[0m     [2m-37[0m
                        32Hz    64Hz   125Hz   250Hz   500Hz    1kHz    2kHz    4kHz    8kHz   16kHz
                        [32m+4.8[0m    [32m+4.0[0m    [32m+4.2[0m    [32m+2.3[0m     [2m0.0[0m    [35m-3.1[0m     [2m0.0[0m     [2m0.0[0m    [32m+3.1[0m    [32m+2.4[0m

[1m1…0[0;2m band  [0;1m⇧[0;2m down  [0;1mz[0;2m zones  [0;1mi[0;2m instruments  [0;1m[ ][0;2m focus  [0;1m+−[0;2m preamp  [0;1mp[0;2m preset  [0;1mu[0;2m undo  [0;1ms[0;2m save  [0;1my[0;2m look  [0;1m?[0;2m keys  [0;1mq[0;2m quit[0m
