               [1mBE-RCA[0m · 44.1 kHz · preamp [35m-4.8[0m dB · [36mfavourite[0m* · voice [32m+3.0[0m · focus: [1mvoice[0m (85 Hz–9 kHz) [93mSOLO[0m
                    [1;4;7mMeter[0m  [36mT[0;2mune[0m  [36mI[0;2mnstruments[0m  [36mF[0;2milters[0m  [36mP[0;2mresets[0m  [36mD[0;2mevices[0m  [36mA[0;2mpps[0m  [36mS[0;2mystem[0m  [36mE[0;2mvents[0m  [36mH[0;2mistory[0m
                                     [2m┌────────────┐[0m [2m┌─── F1 ────┐[0m [2m┌── F2 ──┐[0m [1m┌──────┐[0m [2m┌────┐[0m


                                 [2m░░░[0m
                         [2m░░░[0m     [32m▆▆▆[0m
                         [2m███[0m     [32m███[0m     [2m░░░[0m
                         [2m███[0m     [32m███[0m     [32m███[0m
                         [2m███[0m     [32m███[0m     [32m███[0m     [32m▃▃▃[0m             [2m░░░[0m
                         [2m███[0m     [32m███[0m     [32m███[0m     [32m███[0m             [35m▃▃▃[0m
                         [2m▬▬▬[0m     [32m███[0m     [32m▬▬▬[0m     [32m███[0m     [2m▄▄▄[0m     [35m███[0m
                         [2m███[0m     [32m▬▬▬[0m     [32m███[0m     [32m███[0m     [2m███[0m     [35m███[0m     [2m░░░[0m
                         [2m███[0m     [32m███[0m     [32m███[0m     [32m███[0m     [2m███[0m     [35m███[0m     [2m███[0m             [32m▬▬▬[0m     [2m▬▬▬[0m
                         [2m███[0m     [32m███[0m     [32m███[0m     [32m▬▬▬[0m     [2m███[0m     [35m███[0m     [2m███[0m     [2m▃▃▃[0m
                         [2m███[0m     [32m███[0m     [32m███[0m     [32m███[0m     [2m███[0m     [35m███[0m     [2m███[0m     [2m███[0m
                         [2m███[0m     [32m███[0m     [32m███[0m     [32m███[0m     [2m▬▬▬[0m     [35m███[0m     [2m▬▬▬[0m     [2m▬▬▬[0m     [32m███[0m
                         [2m███[0m     [32m███[0m     [32m███[0m     [32m███[0m     [2m███[0m     [35m███[0m     [2m███[0m     [2m███[0m     [32m███[0m
                         [2m███[0m     [32m███[0m     [32m███[0m     [32m███[0m     [2m███[0m     [35m███[0m     [2m███[0m     [2m███[0m     [32m███[0m
                         [2m███[0m     [32m███[0m     [32m███[0m     [32m███[0m     [2m███[0m     [35m▬▬▬[0m     [2m███[0m     [2m███[0m     [32m███[0m     [2m▃▃▃[0m
                         [2m███[0m     [32m███[0m     [32m███[0m     [32m███[0m     [2m███[0m     [35m███[0m     [2m███[0m     [2m███[0m     [32m███[0m     [2m███[0m
                         [2m███[0m     [32m███[0m     [32m███[0m     [32m███[0m     [2m███[0m     [35m███[0m     [2m███[0m     [2m███[0m     [32m███[0m     [2m███[0m
                         [2m███[0m     [32m███[0m     [32m███[0m     [32m███[0m     [2m███[0m     [35m███[0m     [2m███[0m     [2m███[0m     [32m███[0m     [2m███[0m
                         [2m███[0m     [32m███[0m     [32m███[0m     [32m███[0m     [2m███[0m     [35m███[0m     [2m███[0m     [2m███[0m     [32m███[0m     [2m███[0m
                         [2m███[0m     [32m███[0m     [32m███[0m     [32m███[0m     [2m███[0m     [35m███[0m     [2m███[0m     [2m███[0m     [32m███[0m     [2m███[0m
                         [2m███[0m     [32m███[0m     [32m███[0m     [32m███[0m     [2m███[0m     [35m███[0m     [2m███[0m     [2m███[0m     [32m███[0m     [2m███[0m
                         [2m███[0m     [32m███[0m     [32m███[0m     [32m███[0m     [2m███[0m     [35m███[0m     [2m███[0m     [2m███[0m     [32m███[0m     [2m███[0m
                         [2m███[0m     [32m███[0m     [32m███[0m     [32m███[0m     [2m███[0m     [35m███[0m     [2m███[0m     [2m███[0m     [32m███[0m     [2m███[0m
                         [2m███[0m     [32m███[0m     [32m███[0m     [32m███[0m     [2m███[0m     [35m███[0m     [2m███[0m     [2m███[0m     [32m███[0m     [2m███[0m
                         [2m███[0m     [32m███[0m     [32m███[0m     [32m███[0m     [2m███[0m     [35m███[0m     [2m███[0m     [2m███[0m     [32m███[0m     [2m███[0m
            [1mvoice[0m                    ━━━━━━━━━━━━━━ ━━━━[2m F1 [0m━━━━━ ━━━[2m F2 [0m━━━ ━━━━━━━━ ━━━━━━
                          [2m-9[0m      [2m-7[0m     [2m-11[0m     [2m-15[0m     [2m-19[0m     [2m-17[0m     [2m-22[0m     [2m-26[0m     [2m-29[0m     [2m-37[0m
                        [2m32Hz[0m    64Hz   125Hz   250Hz   500Hz    1kHz    2kHz    4kHz    8kHz   [2m16kHz[0m
                        [2m+4.8[0m    [32m+4.0[0m    [32m+4.2[0m    [32m+2.3[0m     [2m0.0[0m    [35m-3.1[0m     [2m0.0[0m     [2m0.0[0m    [32m+3.1[0m    [2m+2.4[0m
[1;33m! [0mlistening to voice alone: 85 Hz–9 kHz — l again or Esc to stop
[1m1…0[0;2m band  [0;1m⇧[0;2m down  [0;1mz[0;2m zones on  [0;1m[ ][0;2m focus  [0;1m← →[0;2m knob  [0;1ml[0;2m listen on  [0;1mEsc[0;2m unfocus  [0;1mi[0;2m instruments  [0;1my[0;2m look  [0;1m?[0;2m keys  [0;1mq[0;2m quit[0m
